Microchip MPLAB XC8 Compiler V2.41

Linker command line:

-W-3 \
  --edf=C:\Program Files\Microchip\xc8\v2.41\pic\dat\20230208172133_en.msgs \
  -cn -h+dist/default/production\PIC16F883_Si4463_TxRx.production.sym \
  --cmf=dist/default/production\PIC16F883_Si4463_TxRx.production.cmf -z \
  -Q16F883 -oC:\Users\PETABR~1\AppData\Local\Temp\xcBsie0.1\driver_tmp_3.o \
  --defsym=__MPLAB_BUILD=1 --fixupoverflow=error \
  -Mdist/default/production/PIC16F883_Si4463_TxRx.production.map \
  --md=C:\Users\PETABR~1\AppData\Local\Temp\xcBsie0.1\driver_tmp_0.dat -E1 \
  -ver=XC8 Compiler --acfsm=1493 -ACODE=00h-07FFhx2 -ASTRCODE=00h-0FFFh \
  -ASTRING=00h-0FFhx16 -ACONST=00h-0FFhx16 -AENTRY=00h-0FFhx16 \
  -ACOMMON=070h-07Fh -ABANK0=020h-06Fh -ABANK1=0A0h-0EFh \
  -ABANK2=0120h-016Fh -ARAM=020h-06Fh,0A0h-0EFh,0120h-016Fh \
  -AABS1=020h-07Fh,0A0h-0EFh,0120h-016Fh -ASFR0=00h-01Fh -ASFR1=080h-09Fh \
  -ASFR2=0100h-011Fh -ASFR3=0180h-01EFh -ACONFIG=02007h-02008h -DCONFIG=2 \
  -AIDLOC=02000h-02003h -DIDLOC=2 -AEEDATA=00h-0FFh/02100h \
  -peeprom_data=EEDATA -DEEDATA=2 -DCODE=2 -DSTRCODE=2 -DSTRING=2 -DCONST=2 \
  -DENTRY=2 -preset_vec=00h,intentry=04h,init,end_init -ppowerup=CODE \
  -pcinit=CODE -pfunctab=ENTRY -k \
  C:\Users\PETABR~1\AppData\Local\Temp\xcBsie0.1\driver_tmp_17.o \
  dist/default/production\PIC16F883_Si4463_TxRx.production.o 

Object code version is 3.11

Machine type is 16F883



                Name                               Link     Load   Length Selector   Space Scale
C:\Users\PETABR~1\AppData\Local\Temp\xcBsie0.1\driver_tmp_17.o
                end_init                              B        B        2        8       0
                reset_vec                             0        0        2        0       0
                config                             2007     2007        2        0       4
                idloc                              2000     2000        4        0       5
dist/default/production\PIC16F883_Si4463_TxRx.production.o
                cinit                                 D        D       23        8       0
                intentry                              4        4        7        8       0
                config                             2007     2007        2        0       4
                idloc                              2000     2000        4        0       5
                text45                              D13      D13        B     1A26       0
                text44                              DEA      DEA       1B     1BD4       0
                text43                              CF2      CF2        5     19E4       0
                text42                              CDB      CDB        3     19B6       0
                text41                              D72      D72       16     1AE4       0
                text40                              CF7      CF7        5     19EE       0
                text39                              621      621       9D      A82       0
                text38                              72B      72B       6B      A82       0
                text37                              DB6      DB6       1A     1B6C       0
                text36                              D1E      D1E        B     1A3C       0
                text35                              D01      D01        6     1A02       0
                text34                              CDE      CDE        4     19BC       0
                text33                              CE2      CE2        4     19C4       0
                text32                              D51      D51        F     1AA2       0
                text31                              CFC      CFC        5     19F8       0
                text30                              F2E      F2E       2D     1E5C       0
                text29                              7F4      7F4        C      A82       0
                text28                              D07      D07        6     1A0E       0
                text27                               30       30       4F        8       0
                text26                              D0D      D0D        6     1A1A       0
                text25                              E63      E63       26     1CC6       0
                text24                              E21      E21       20     1C42       0
                text23                              D43      D43        E     1A86       0
                text22                              D60      D60       12     1AC0       0
                text21                              D9E      D9E       18     1B3C       0
                text20                              EB0      EB0       28     1D60       0
                text19                              F5B      F5B       2D     1EB6       0
                text18                              D29      D29        D     1A52       0
                text17                              796      796       5E      A82       0
                text16                               7F       7F       46        8       0
                text15                              F88      F88       3C     1F10       0
                text14                              541      541       E0      A82       0
                text13                              6BE      6BE       6D      A82       0
                text12                              CE6      CE6        4     19CC       0
                text11                              CEA      CEA        4     19D4       0
                text10                              CEE      CEE        4     19DC       0
                text9                               E05      E05       1C     1C0A       0
                text8                               E89      E89       27     1D12       0
                text7                               FC4      FC4       3C     1F88       0
                text6                               DD0      DD0       1A     1BA0       0
                text5                               E41      E41       22     1C82       0
                text4                               D88      D88       16     1B10       0
                text3                               ED8      ED8       2B     1DB0       0
                text2                               D36      D36        D     1A6C       0
                text1                               F03      F03       2B     1E06       0
                maintext                             C5       C5       32        8       0
                cstackBANK0                          42       42       1E       20       1
                cstackCOMMON                         70       70        8       70       1
                clrtext                              F7       F7        8        8       0
                bssBANK2                            120      120       40      120       1
                bssBANK1                             A0       A0       40       A0       1
                dataBANK0                            60       60        1       20       1
                bssBANK0                             20       20       22       20       1
                dataCOMMON                           78       78        2       70       1
                stringtext                          100      100      441        2       0
                idataBANK0                           FF       FF        1        8       0
                idataCOMMON                           2        2        2        0       0

TOTAL           Name                               Link     Load   Length     Space
        CLASS   CODE           
                end_init                              B        B        2         0
                cinit                                 D        D       23         0
                intentry                              4        4        7         0
                reset_vec                             0        0        2         0
                text45                              D13      D13        B         0
                text44                              DEA      DEA       1B         0
                text43                              CF2      CF2        5         0
                text42                              CDB      CDB        3         0
                text41                              D72      D72       16         0
                text40                              CF7      CF7        5         0
                text39                              621      621       9D         0
                text38                              72B      72B       6B         0
                text37                              DB6      DB6       1A         0
                text36                              D1E      D1E        B         0
                text35                              D01      D01        6         0
                text34                              CDE      CDE        4         0
                text33                              CE2      CE2        4         0
                text32                              D51      D51        F         0
                text31                              CFC      CFC        5         0
                text30                              F2E      F2E       2D         0
                text29                              7F4      7F4        C         0
                text28                              D07      D07        6         0
                text27                               30       30       4F         0
                text26                              D0D      D0D        6         0
                text25                              E63      E63       26         0
                text24                              E21      E21       20         0
                text23                              D43      D43        E         0
                text22                              D60      D60       12         0
                text21                              D9E      D9E       18         0
                text20                              EB0      EB0       28         0
                text19                              F5B      F5B       2D         0
                text18                              D29      D29        D         0
                text17                              796      796       5E         0
                text16                               7F       7F       46         0
                text15                              F88      F88       3C         0
                text14                              541      541       E0         0
                text13                              6BE      6BE       6D         0
                text12                              CE6      CE6        4         0
                text11                              CEA      CEA        4         0
                text10                              CEE      CEE        4         0
                text9                               E05      E05       1C         0
                text8                               E89      E89       27         0
                text7                               FC4      FC4       3C         0
                text6                               DD0      DD0       1A         0
                text5                               E41      E41       22         0
                text4                               D88      D88       16         0
                text3                               ED8      ED8       2B         0
                text2                               D36      D36        D         0
                text1                               F03      F03       2B         0
                maintext                             C5       C5       32         0
                clrtext                              F7       F7        8         0
                idataBANK0                           FF       FF        1         0
                idataCOMMON                           2        2        2         0

        CLASS   STRCODE        
                stringtext                          100      100      441         0

        CLASS   STRING         

        CLASS   CONST          

        CLASS   ENTRY          

        CLASS   COMMON         
                cstackCOMMON                         70       70        8         1
                dataCOMMON                           78       78        2         1

        CLASS   BANK0          
                cstackBANK0                          42       42       1E         1
                dataBANK0                            60       60        1         1
                bssBANK0                             20       20       22         1

        CLASS   BANK1          
                bssBANK1                             A0       A0       40         1

        CLASS   BANK2          
                bssBANK2                            120      120       40         1

        CLASS   RAM            

        CLASS   ABS1           
                abs_s1                               7E       7E        2         1

        CLASS   SFR0           

        CLASS   SFR1           

        CLASS   SFR2           

        CLASS   SFR3           

        CLASS   CONFIG         
                config                             2007     2007        2         4

        CLASS   IDLOC          
                idloc                              2000     2000        4         5

        CLASS   EEDATA         

        CLASS   BANK3          

        CLASS   STACK          



SEGMENTS        Name                           Load    Length   Top    Selector   Space  Class     Delta

                reset_vec                      000000  000004  000004         0       0  CODE        2
                intentry                       000004  0000FC  000100         8       0  CODE        2
                bssBANK0                       000020  000041  000061        20       1  BANK0       1
                cstackCOMMON                   000070  00000A  00007A        70       1  COMMON      1
                bssBANK1                       0000A0  000040  0000E0        A0       1  BANK1       1
                bssBANK2                       000120  000040  000160       120       1  BANK2       1
                stringtext                     000100  000441  000541         2       0  STRCODE     2
                text14                         000541  0002BF  000800       A82       0  CODE        2
                text42                         000CDB  000003  000CDE      19B6       0  CODE        2
                text34                         000CDE  000004  000CE2      19BC       0  CODE        2
                text33                         000CE2  000004  000CE6      19C4       0  CODE        2
                text12                         000CE6  000004  000CEA      19CC       0  CODE        2
                text11                         000CEA  000004  000CEE      19D4       0  CODE        2
                text10                         000CEE  000004  000CF2      19DC       0  CODE        2
                text43                         000CF2  000005  000CF7      19E4       0  CODE        2
                text40                         000CF7  000005  000CFC      19EE       0  CODE        2
                text31                         000CFC  000005  000D01      19F8       0  CODE        2
                text35                         000D01  000006  000D07      1A02       0  CODE        2
                text28                         000D07  000006  000D0D      1A0E       0  CODE        2
                text26                         000D0D  000006  000D13      1A1A       0  CODE        2
                text45                         000D13  00000B  000D1E      1A26       0  CODE        2
                text36                         000D1E  00000B  000D29      1A3C       0  CODE        2
                text18                         000D29  00000D  000D36      1A52       0  CODE        2
                text2                          000D36  00000D  000D43      1A6C       0  CODE        2
                text23                         000D43  00000E  000D51      1A86       0  CODE        2
                text32                         000D51  00000F  000D60      1AA2       0  CODE        2
                text22                         000D60  000012  000D72      1AC0       0  CODE        2
                text41                         000D72  000016  000D88      1AE4       0  CODE        2
                text4                          000D88  000016  000D9E      1B10       0  CODE        2
                text21                         000D9E  000018  000DB6      1B3C       0  CODE        2
                text37                         000DB6  00001A  000DD0      1B6C       0  CODE        2
                text6                          000DD0  00001A  000DEA      1BA0       0  CODE        2
                text44                         000DEA  00001B  000E05      1BD4       0  CODE        2
                text9                          000E05  00001C  000E21      1C0A       0  CODE        2
                text24                         000E21  000020  000E41      1C42       0  CODE        2
                text5                          000E41  000022  000E63      1C82       0  CODE        2
                text25                         000E63  000026  000E89      1CC6       0  CODE        2
                text8                          000E89  000027  000EB0      1D12       0  CODE        2
                text20                         000EB0  000028  000ED8      1D60       0  CODE        2
                text3                          000ED8  00002B  000F03      1DB0       0  CODE        2
                text1                          000F03  00002B  000F2E      1E06       0  CODE        2
                text30                         000F2E  00002D  000F5B      1E5C       0  CODE        2
                text19                         000F5B  00002D  000F88      1EB6       0  CODE        2
                text15                         000F88  00003C  000FC4      1F10       0  CODE        2
                text7                          000FC4  00003C  001000      1F88       0  CODE        2


UNUSED ADDRESS RANGES

        Name                Unused          Largest block    Delta
        BANK0            0061-006F              F           1
        BANK1            00E0-00EF             10           1
        BANK2            0160-016F             10           1
        CODE             0800-0CDA            4DB           2
        COMMON           007A-007D              4           1
        CONST            0800-0CDA            100           2
        EEDATA           2100-21FF            100           2
        ENTRY            0800-0CDA            100           2
        RAM              0061-006F              F           1
                         00E0-00EF             10
                         0160-016F             10
        SFR0             0000-001F             20           1
        SFR1             0080-009F             20           1
        SFR2             0100-011F             20           1
        SFR3             0180-01EF             70           1
        STRCODE          0800-0CDA            4DB           2
        STRING           0800-0CDA            100           2

                                  Symbol Table

?___aldiv                                     cstackBANK0  0042
?___lwdiv                                     cstackCOMMON 0074
?___lwmod                                     cstackBANK0  0045
?_sprintf                                     cstackBANK0  004A
SPI_Read@data                                 cstackCOMMON 0074
SPI_Write@data                                cstackCOMMON 0074
UART_ISR@data                                 cstackCOMMON 0073
UART_Init@baudrate                            cstackBANK0  0050
UART_Init@x                                   cstackCOMMON 0075
UART_TxChar@ch                                cstackCOMMON 0074
_GPIO_Init                                    text43       0CF2
_Global_Interrupt                             text42       0CDB
_INTCONbits                                   (abs)        000B
_OSCCON                                       (abs)        008F
_PIC16F883_SI4463_INIT                        text37       0DB6
_PIE1bits                                     (abs)        008C
_PIR1bits                                     (abs)        000C
_Pro2Cmd                                      bssBANK0     0032
_RA5                                          (abs)        002D
_RB0                                          (abs)        0030
_RB1                                          (abs)        0031
_RCREG                                        (abs)        001A
_RCSTAbits                                    (abs)        0018
_RadioConfiguration                           stringtext   04E6
_Radio_ChannelNumber                          dataBANK0    0060
_Radio_Configuration_Data_Array               stringtext   011C
_SPBRG                                        (abs)        0099
_SPI_Init                                     text41       0D72
_SPI_Read                                     text32       0D51
_SPI_Write                                    text29       07F4
_SSPBUF                                       (abs)        0013
_SSPCONbits                                   (abs)        0014
_SSPSTATbits                                  (abs)        0094
_Si446xCmd                                    bssBANK0     0020
_Systick_Init                                 text40       0CF7
_TRISAbits                                    (abs)        0085
_TRISBbits                                    (abs)        0086
_TRISCbits                                    (abs)        0087
_TXIF                                         (abs)        0064
_TXREG                                        (abs)        0019
_TXSTAbits                                    (abs)        0098
_UART_ISR                                     text44       0DEA
_UART_Init                                    text38       072B
_UART_TxChar                                  text36       0D1E
__H__absolute__                               __absolute__ 0000
__Habs1                                       abs1         0000
__Hbank0                                      bank0        0000
__Hbank1                                      bank1        0000
__Hbank2                                      bank2        0000
__Hbank3                                      bank3        0000
__HbssBANK0                                   bssBANK0     0000
__HbssBANK1                                   bssBANK1     0000
__HbssBANK2                                   bssBANK2     0000
__Hcinit                                      cinit        0030
__Hclrtext                                    clrtext      0000
__Hcode                                       code         0000
__Hcommon                                     common       0000
__Hconfig                                     config       2009
__HcstackBANK0                                cstackBANK0  0000
__HcstackCOMMON                               cstackCOMMON 0000
__HdataBANK0                                  dataBANK0    0000
__HdataCOMMON                                 dataCOMMON   0000
__Heeprom_data                                eeprom_data  0000
__Hend_init                                   end_init     000D
__Hfunctab                                    functab      0000
__HidataBANK0                                 idataBANK0   0000
__HidataCOMMON                                idataCOMMON  0000
__Hidloc                                      idloc        2004
__Hinit                                       init         000B
__Hintentry                                   intentry     000B
__Hmaintext                                   maintext     0000
__Hpowerup                                    powerup      0000
__Hram                                        ram          0000
__Hreset_vec                                  reset_vec    0002
__Hsfr0                                       sfr0         0000
__Hsfr1                                       sfr1         0000
__Hsfr2                                       sfr2         0000
__Hsfr3                                       sfr3         0000
__Hspace_0                                    (abs)        1000
__Hspace_1                                    (abs)        0160
__Hspace_2                                    (abs)        0000
__Hspace_3                                    (abs)        0000
__Hspace_4                                    (abs)        4010
__Hstack                                      stack        0000
__Hstrings                                    strings      0000
__Hstringtext                                 stringtext   0000
__Htext                                       text         0000
__L__absolute__                               __absolute__ 0000
__Labs1                                       abs1         0000
__Lbank0                                      bank0        0000
__Lbank1                                      bank1        0000
__Lbank2                                      bank2        0000
__Lbank3                                      bank3        0000
__LbssBANK0                                   bssBANK0     0000
__LbssBANK1                                   bssBANK1     0000
__LbssBANK2                                   bssBANK2     0000
__Lcinit                                      cinit        000D
__Lclrtext                                    clrtext      0000
__Lcode                                       code         0000
__Lcommon                                     common       0000
__Lconfig                                     config       0000
__LcstackBANK0                                cstackBANK0  0000
__LcstackCOMMON                               cstackCOMMON 0000
__LdataBANK0                                  dataBANK0    0000
__LdataCOMMON                                 dataCOMMON   0000
__Leeprom_data                                eeprom_data  0000
__Lend_init                                   end_init     000B
__Lfunctab                                    functab      0000
__LidataBANK0                                 idataBANK0   0000
__LidataCOMMON                                idataCOMMON  0000
__Lidloc                                      idloc        0000
__Linit                                       init         000B
__Lintentry                                   intentry     0004
__Lmaintext                                   maintext     0000
__Lpowerup                                    powerup      0000
__Lram                                        ram          0000
__Lreset_vec                                  reset_vec    0000
__Lsfr0                                       sfr0         0000
__Lsfr1                                       sfr1         0000
__Lsfr2                                       sfr2         0000
__Lsfr3                                       sfr3         0000
__Lspace_0                                    (abs)        0000
__Lspace_1                                    (abs)        0000
__Lspace_2                                    (abs)        0000
__Lspace_3                                    (abs)        0000
__Lspace_4                                    (abs)        0000
__Lstack                                      stack        0000
__Lstrings                                    strings      0000
__Lstringtext                                 stringtext   0000
__Ltext                                       text         0000
__S0                                          (abs)        1000
__S1                                          (abs)        0160
__S3                                          (abs)        0000
___aldiv                                      text39       0621
___aldiv@counter                              cstackBANK0  004A
___aldiv@dividend                             cstackBANK0  0046
___aldiv@divisor                              cstackBANK0  0042
___aldiv@quotient                             cstackBANK0  004C
___aldiv@sign                                 cstackBANK0  004B
___int_sp                                     stack        0000
___latbits                                    (abs)        0001
___lwdiv                                      text16       007F
___lwdiv@counter                              cstackBANK0  0044
___lwdiv@dividend                             cstackCOMMON 0076
___lwdiv@divisor                              cstackCOMMON 0074
___lwdiv@quotient                             cstackBANK0  0042
___lwmod                                      text15       0F88
___lwmod@counter                              cstackBANK0  0049
___lwmod@dividend                             cstackBANK0  0047
___lwmod@divisor                              cstackBANK0  0045
___sp                                         stack        0000
___stackhi                                    (abs)        0000
___stacklo                                    (abs)        0000
__end_of_GPIO_Init                            text43       0CF7
__end_of_Global_Interrupt                     text42       0CDE
__end_of_PIC16F883_SI4463_INIT                text37       0DD0
__end_of_RadioConfiguration                   stringtext   052D
__end_of_Radio_Configuration_Data_Array       stringtext   04E6
__end_of_SPI_Init                             text41       0D88
__end_of_SPI_Read                             text32       0D60
__end_of_SPI_Write                            text29       0800
__end_of_Systick_Init                         text40       0CFC
__end_of_UART_ISR                             text44       0E05
__end_of_UART_Init                            text38       0796
__end_of_UART_TxChar                          text36       0D29
__end_of___aldiv                              text39       06BE
__end_of___lwdiv                              text16       00C5
__end_of___lwmod                              text15       0FC4
__end_of__initialization                      cinit        002D
__end_of__stringtab                           stringtext   0112
__end_of_bRadio_Check_Tx_RX                   text17       07F4
__end_of_dpowers                              stringtext   011C
__end_of_main                                 maintext     00F7
__end_of_radio_comm_ClearCTS                  text12       0CEA
__end_of_radio_comm_GetResp                   text27       007F
__end_of_radio_comm_PollCTS                   text26       0D13
__end_of_radio_comm_ReadData                  text19       0F88
__end_of_radio_comm_SendCmd                   text24       0E41
__end_of_radio_comm_SendCmdGetResp            text22       0D72
__end_of_radio_comm_WriteData                 text3        0F03
__end_of_radio_hal_AssertShutdown             text11       0CEE
__end_of_radio_hal_ClearNsel                  text34       0CE2
__end_of_radio_hal_DeassertShutdown           text10       0CF2
__end_of_radio_hal_NirqLevel                  text35       0D07
__end_of_radio_hal_SetNsel                    text33       0CE6
__end_of_radio_hal_SpiReadByte                text31       0D01
__end_of_radio_hal_SpiReadData                text30       0F5B
__end_of_radio_hal_SpiWriteByte               text28       0D0D
__end_of_radio_hal_SpiWriteData               text25       0E89
__end_of_si446x_change_state                  text23       0D51
__end_of_si446x_configuration_init            text13       072B
__end_of_si446x_fifo_info                     text21       0DB6
__end_of_si446x_get_int_status                text20       0ED8
__end_of_si446x_read_rx_fifo                  text18       0D36
__end_of_si446x_reset                         text9        0E21
__end_of_si446x_start_rx                      text6        0DEA
__end_of_si446x_start_tx                      text4        0D9E
__end_of_si446x_write_tx_fifo                 text2        0D43
__end_of_sprintf                              text14       0621
__end_of_vRadio_Init                          text7        1000
__end_of_vRadio_PowerUp                       text8        0EB0
__end_of_vRadio_StartRX                       text5        0E63
__end_of_vRadio_StartTx_Variable_Packet       text1        0F2E
__end_ofi1_UART_TxChar                        text45       0D1E
__initialization                              cinit        000D
__pbssBANK0                                   bssBANK0     0020
__pbssBANK1                                   bssBANK1     00A0
__pbssBANK2                                   bssBANK2     0120
__pcstackBANK0                                cstackBANK0  0042
__pcstackCOMMON                               cstackCOMMON 0070
__pdataBANK0                                  dataBANK0    0060
__pdataCOMMON                                 dataCOMMON   0078
__pidataBANK0                                 idataBANK0   00FF
__pidataCOMMON                                idataCOMMON  0002
__pintentry                                   intentry     0004
__pmaintext                                   maintext     00C5
__pstringtext                                 stringtext   0100
__ptext1                                      text1        0F03
__ptext10                                     text10       0CEE
__ptext11                                     text11       0CEA
__ptext12                                     text12       0CE6
__ptext13                                     text13       06BE
__ptext14                                     text14       0541
__ptext15                                     text15       0F88
__ptext16                                     text16       007F
__ptext17                                     text17       0796
__ptext18                                     text18       0D29
__ptext19                                     text19       0F5B
__ptext2                                      text2        0D36
__ptext20                                     text20       0EB0
__ptext21                                     text21       0D9E
__ptext22                                     text22       0D60
__ptext23                                     text23       0D43
__ptext24                                     text24       0E21
__ptext25                                     text25       0E63
__ptext26                                     text26       0D0D
__ptext27                                     text27       0030
__ptext28                                     text28       0D07
__ptext29                                     text29       07F4
__ptext3                                      text3        0ED8
__ptext30                                     text30       0F2E
__ptext31                                     text31       0CFC
__ptext32                                     text32       0D51
__ptext33                                     text33       0CE2
__ptext34                                     text34       0CDE
__ptext35                                     text35       0D01
__ptext36                                     text36       0D1E
__ptext37                                     text37       0DB6
__ptext38                                     text38       072B
__ptext39                                     text39       0621
__ptext4                                      text4        0D88
__ptext40                                     text40       0CF7
__ptext41                                     text41       0D72
__ptext42                                     text42       0CDB
__ptext43                                     text43       0CF2
__ptext44                                     text44       0DEA
__ptext45                                     text45       0D13
__ptext5                                      text5        0E41
__ptext6                                      text6        0DD0
__ptext7                                      text7        0FC4
__ptext8                                      text8        0E89
__ptext9                                      text9        0E05
__stringbase                                  stringtext   0112
__stringtab                                   stringtext   0100
_bRadio_Check_Tx_RX                           text17       0796
_ctsWentHigh                                  bssBANK0     0030
_customRadioPacket                            bssBANK2     0120
_customRadioPacket2                           bssBANK1     00A0
_dpowers                                      stringtext   0112
_main                                         maintext     00C5
_radio_comm_ClearCTS                          text12       0CE6
_radio_comm_GetResp                           text27       0030
_radio_comm_PollCTS                           text26       0D0D
_radio_comm_ReadData                          text19       0F5B
_radio_comm_SendCmd                           text24       0E21
_radio_comm_SendCmdGetResp                    text22       0D60
_radio_comm_WriteData                         text3        0ED8
_radio_hal_AssertShutdown                     text11       0CEA
_radio_hal_ClearNsel                          text34       0CDE
_radio_hal_DeassertShutdown                   text10       0CEE
_radio_hal_NirqLevel                          text35       0D01
_radio_hal_SetNsel                            text33       0CE2
_radio_hal_SpiReadByte                        text31       0CFC
_radio_hal_SpiReadData                        text30       0F2E
_radio_hal_SpiWriteByte                       text28       0D07
_radio_hal_SpiWriteData                       text25       0E63
_si446x_change_state                          text23       0D43
_si446x_configuration_init                    text13       06BE
_si446x_fifo_info                             text21       0D9E
_si446x_get_int_status                        text20       0EB0
_si446x_read_rx_fifo                          text18       0D29
_si446x_reset                                 text9        0E05
_si446x_start_rx                              text6        0DD0
_si446x_start_tx                              text4        0D88
_si446x_write_tx_fifo                         text2        0D36
_sprintf                                      text14       0541
_uartDataReceived                             bssBANK0     0031
_vRadio_Init                                  text7        0FC4
_vRadio_PowerUp                               text8        0E89
_vRadio_StartRX                               text5        0E41
_vRadio_StartTx_Variable_Packet               text1        0F03
bRadio_Check_Tx_RX@RF_NIRQ                    cstackBANK0  0054
bRadio_Check_Tx_RX@lCnt                       cstackBANK0  0055
btemp                                         (abs)        007E
clear_ram0                                    clrtext      00F7
end_of_initialization                         cinit        002D
i1UART_TxChar@ch                              cstackCOMMON 0070
i1_UART_TxChar                                text45       0D13
interrupt_function                            intentry     0004
intlevel0                                     functab      0000
intlevel1                                     functab      0000
intlevel2                                     functab      0000
intlevel3                                     functab      0000
intlevel4                                     functab      0000
intlevel5                                     functab      0000
radio_comm_GetResp@byteCount                  cstackBANK0  0047
radio_comm_GetResp@ctsVal                     cstackBANK0  004A
radio_comm_GetResp@errCnt                     cstackBANK0  0048
radio_comm_GetResp@pData                      cstackCOMMON 0077
radio_comm_ReadData@byteCount                 cstackBANK0  004C
radio_comm_ReadData@cmd                       cstackBANK0  004E
radio_comm_ReadData@pData                     cstackBANK0  004D
radio_comm_ReadData@pollCts                   cstackBANK0  004B
radio_comm_SendCmd@byteCount                  cstackBANK0  004C
radio_comm_SendCmd@pData                      cstackBANK0  004B
radio_comm_SendCmdGetResp@cmdByteCount        cstackBANK0  0050
radio_comm_SendCmdGetResp@pCmdData            cstackBANK0  004D
radio_comm_SendCmdGetResp@pRespData           cstackBANK0  004F
radio_comm_SendCmdGetResp@respByteCount       cstackBANK0  004E
radio_comm_WriteData@byteCount                cstackBANK0  004C
radio_comm_WriteData@cmd                      cstackBANK0  004E
radio_comm_WriteData@pData                    cstackBANK0  004D
radio_comm_WriteData@pollCts                  cstackBANK0  004B
radio_hal_SpiReadData@byteCount               cstackBANK0  0044
radio_hal_SpiReadData@i                       cstackBANK0  0045
radio_hal_SpiReadData@pData                   cstackCOMMON 0075
radio_hal_SpiWriteByte@byteToWrite            cstackCOMMON 0075
radio_hal_SpiWriteData@byteCount              cstackBANK0  0042
radio_hal_SpiWriteData@i                      cstackBANK0  0043
radio_hal_SpiWriteData@pData                  cstackCOMMON 0075
reset_vec                                     reset_vec    0000
saved_w                                       (abs)        007E
si446x_change_state@NEXT_STATE1               cstackBANK0  004D
si446x_configuration_init@col                 cstackBANK0  0056
si446x_configuration_init@numOfBytes          cstackBANK0  0057
si446x_configuration_init@pSetPropCmd         cstackBANK0  0054
si446x_fifo_info@FIFO                         cstackBANK0  0051
si446x_get_int_status@CHIP_CLR_PEND           cstackBANK0  0052
si446x_get_int_status@MODEM_CLR_PEND          cstackBANK0  0051
si446x_get_int_status@PH_CLR_PEND             cstackBANK0  0053
si446x_read_rx_fifo@numBytes                  cstackBANK0  0050
si446x_read_rx_fifo@pRxData                   cstackBANK0  004F
si446x_reset@loopCount                        cstackCOMMON 0074
si446x_start_rx@CHANNEL                       cstackBANK0  0053
si446x_start_rx@CONDITION                     cstackBANK0  004D
si446x_start_rx@NEXT_STATE1                   cstackBANK0  0050
si446x_start_rx@NEXT_STATE2                   cstackBANK0  0051
si446x_start_rx@NEXT_STATE3                   cstackBANK0  0052
si446x_start_rx@RX_LEN                        cstackBANK0  004E
si446x_start_tx@CHANNEL                       cstackBANK0  0050
si446x_start_tx@CONDITION                     cstackBANK0  004D
si446x_start_tx@TX_LEN                        cstackBANK0  004E
si446x_write_tx_fifo@numBytes                 cstackBANK0  0050
si446x_write_tx_fifo@pTxData                  cstackBANK0  004F
sprintf@ap                                    cstackBANK0  0052
sprintf@c                                     cstackBANK0  0058
sprintf@f                                     cstackBANK0  004A
sprintf@flag                                  cstackBANK0  0053
sprintf@prec                                  cstackBANK0  0054
sprintf@sp                                    cstackBANK0  0057
sprintf@val                                   cstackBANK0  0055
start                                         init         000B
start_initialization                          cinit        000D
vRadio_Init@wDelay                            cstackBANK0  005A
vRadio_PowerUp@wDelay                         cstackBANK0  0042
vRadio_StartRX@channel                        cstackBANK0  0057
vRadio_StartRX@packetLenght                   cstackBANK0  0054
vRadio_StartTx_Variable_Packet@channel        cstackBANK0  0058
vRadio_StartTx_Variable_Packet@length         cstackBANK0  0055
vRadio_StartTx_Variable_Packet@pioRadioPacket cstackBANK0  0054
wtemp0                                        (abs)        007E


MODULE INFORMATION

Module		Function		Class		Link	Load	Size
src/main_pic16f883.c
		_UART_Init     		CODE           	072B	0000	107
		_Systick_Init  		CODE           	0CF7	0000	5
		_GPIO_Init     		CODE           	0CF2	0000	5
		_SPI_Init      		CODE           	0D72	0000	22
		_PIC16F883_SI4463_INIT		CODE           	0DB6	0000	26
		_Global_Interrupt		CODE           	0CDB	0000	3

src/main_pic16f883.c estimated size: 168

F883_Si4463_main.c
		_main          		CODE           	00C5	0000	50
		_UART_ISR      		CODE           	0DEA	0000	27

F883_Si4463_main.c estimated size: 77

C:\Program Files\Microchip\xc8\v2.41\pic\sources\c90\common\lwdiv.c
		___lwdiv       		CODE           	007F	0000	70

C:\Program Files\Microchip\xc8\v2.41\pic\sources\c90\common\lwdiv.c estimated size: 70

Si4463/radio_comm.c
		_radio_comm_ReadData		CODE           	0F5B	0000	45
		_radio_comm_PollCTS		CODE           	0D0D	0000	6
		_radio_comm_SendCmdGetResp		CODE           	0D60	0000	18
		_radio_comm_GetResp		CODE           	0030	0000	79
		_radio_comm_SendCmd		CODE           	0E21	0000	32
		_radio_comm_ClearCTS		CODE           	0CE6	0000	4
		_radio_comm_WriteData		CODE           	0ED8	0000	43

Si4463/radio_comm.c estimated size: 227

C:\Program Files\Microchip\xc8\v2.41\pic\sources\c90\common\aldiv.c
		___aldiv       		CODE           	0621	0000	157

C:\Program Files\Microchip\xc8\v2.41\pic\sources\c90\common\aldiv.c estimated size: 157

Si4463/radio.c
		_bRadio_Check_Tx_RX		CODE           	0796	0000	94
		_vRadio_Init   		CODE           	0FC4	0000	60
		_vRadio_StartTx_Variable_Packet		CODE           	0F03	0000	43
		_vRadio_StartRX		CODE           	0E41	0000	34
		_vRadio_PowerUp		CODE           	0E89	0000	39

Si4463/radio.c estimated size: 270

Si4463/radio_hal.c
		_radio_hal_ClearNsel		CODE           	0CDE	0000	4
		_radio_hal_SpiReadByte		CODE           	0CFC	0000	5
		_radio_hal_NirqLevel		CODE           	0D01	0000	6
		_radio_hal_SpiWriteData		CODE           	0E63	0000	38
		_radio_hal_DeassertShutdown		CODE           	0CEE	0000	4
		_radio_hal_SetNsel		CODE           	0CE2	0000	4
		_radio_hal_SpiReadData		CODE           	0F2E	0000	45
		_radio_hal_SpiWriteByte		CODE           	0D07	0000	6
		_radio_hal_AssertShutdown		CODE           	0CEA	0000	4

Si4463/radio_hal.c estimated size: 116

src/chipset.c
		_SPI_Write     		CODE           	07F4	0000	12
		_SPI_Read      		CODE           	0D51	0000	15
		_UART_TxChar   		CODE           	0D1E	0000	11

src/chipset.c estimated size: 38

shared
		__stringtab    		STRCODE        	0100	0000	18
		_dpowers       		STRCODE        	0112	0000	10
		i1_UART_TxChar 		CODE           	0D13	0000	11
		__initialization		CODE           	000D	0000	32
		_RadioConfiguration		STRCODE        	04E6	0000	71
		_Radio_Configuration_Data_Array		STRCODE        	011C	0000	970

shared estimated size: 1112

C:\Program Files\Microchip\xc8\v2.41\pic\sources\c90\common\doprnt.c
		_sprintf       		CODE           	0541	0000	224

C:\Program Files\Microchip\xc8\v2.41\pic\sources\c90\common\doprnt.c estimated size: 224

C:\Program Files\Microchip\xc8\v2.41\pic\sources\c90\common\lwmod.c
		___lwmod       		CODE           	0F88	0000	60

C:\Program Files\Microchip\xc8\v2.41\pic\sources\c90\common\lwmod.c estimated size: 60

Si4463/si446x_api_lib.c
		_si446x_configuration_init		CODE           	06BE	0000	109
		_si446x_reset  		CODE           	0E05	0000	28
		_si446x_change_state		CODE           	0D43	0000	14
		_si446x_fifo_info		CODE           	0D9E	0000	24
		_si446x_read_rx_fifo		CODE           	0D29	0000	13
		_si446x_get_int_status		CODE           	0EB0	0000	40
		_si446x_write_tx_fifo		CODE           	0D36	0000	13
		_si446x_start_rx		CODE           	0DD0	0000	26
		_si446x_start_tx		CODE           	0D88	0000	22

Si4463/si446x_api_lib.c estimated size: 289

