Microchip MPLAB XC8 Compiler V2.41

Linker command line:

-W-3 \
  --edf=C:\Program Files\Microchip\xc8\v2.41\pic\dat\20230208172133_en.msgs \
  -cn -h+dist/default/production\PIC16F883_Si4463_TxRx.production.sym \
  --cmf=dist/default/production\PIC16F883_Si4463_TxRx.production.cmf -z \
  -Q16F883 -oC:\Users\PETABR~1\AppData\Local\Temp\xcAsg84.\driver_tmp_3.o \
  --defsym=__MPLAB_BUILD=1 --fixupoverflow=error \
  -Mdist/default/production/PIC16F883_Si4463_TxRx.production.map \
  --md=C:\Users\PETABR~1\AppData\Local\Temp\xcAsg84.\driver_tmp_0.dat -E1 \
  -ver=XC8 Compiler --acfsm=1493 -ACODE=00h-07FFhx2 -ASTRCODE=00h-0FFFh \
  -ASTRING=00h-0FFhx16 -ACONST=00h-0FFhx16 -AENTRY=00h-0FFhx16 \
  -ACOMMON=070h-07Fh -ABANK0=020h-06Fh -ABANK1=0A0h-0EFh \
  -ABANK2=0120h-016Fh -ARAM=020h-06Fh,0A0h-0EFh,0120h-016Fh \
  -AABS1=020h-07Fh,0A0h-0EFh,0120h-016Fh -ASFR0=00h-01Fh -ASFR1=080h-09Fh \
  -ASFR2=0100h-011Fh -ASFR3=0180h-01EFh -ACONFIG=02007h-02008h -DCONFIG=2 \
  -AIDLOC=02000h-02003h -DIDLOC=2 -AEEDATA=00h-0FFh/02100h \
  -peeprom_data=EEDATA -DEEDATA=2 -DCODE=2 -DSTRCODE=2 -DSTRING=2 -DCONST=2 \
  -DENTRY=2 -preset_vec=00h,intentry=04h,init,end_init -ppowerup=CODE \
  -pcinit=CODE -pfunctab=ENTRY -k \
  C:\Users\PETABR~1\AppData\Local\Temp\xcAsg84.\driver_tmp_17.o \
  dist/default/production\PIC16F883_Si4463_TxRx.production.o 

Object code version is 3.11

Machine type is 16F883



                Name                               Link     Load   Length Selector   Space Scale
C:\Users\PETABR~1\AppData\Local\Temp\xcAsg84.\driver_tmp_17.o
                end_init                              4        4        2        8       0
                reset_vec                             0        0        2        0       0
                config                             2007     2007        2        0       4
                idloc                              2000     2000        4        0       5
dist/default/production\PIC16F883_Si4463_TxRx.production.o
                cinit                                 6        6       23        8       0
                config                             2007     2007        2        0       4
                idloc                              2000     2000        4        0       5
                text37                              E22      E22        5     1C44       0
                text36                              E08      E08        3     1C10       0
                text35                              E93      E93       16     1D26       0
                text34                              E27      E27        5     1C4E       0
                text33                              61F      61F       9D      A82       0
                text32                              729      729       69      A82       0
                text31                              ED7      ED7       1A     1DAE       0
                text30                               29       29       44        8       0
                text29                               A9       A9       3A        8       0
                text28                              541      541       DE      A82       0
                text27                              E31      E31        6     1C62       0
                text26                              E0E      E0E        4     1C1C       0
                text25                              E12      E12        4     1C24       0
                text24                              E72      E72        F     1CE4       0
                text23                              E2C      E2C        5     1C58       0
                text22                              F2F      F2F       23     1E5E       0
                text21                              E4B      E4B        C     1C96       0
                text20                              E37      E37        6     1C6E       0
                text19                              792      792       47      A82       0
                text18                              E3D      E3D        6     1C7A       0
                text17                              F0D      F0D       22     1E1A       0
                text16                              EF1      EF1       1C     1DE2       0
                text15                              E81      E81       12     1D02       0
                text14                              F52      F52       28     1EA4       0
                text13                              6BC      6BC       6D      A82       0
                text12                              E16      E16        4     1C2C       0
                text11                              E1A      E1A        4     1C34       0
                text10                              E1E      E1E        4     1C3C       0
                text9                                E3       E3       1C        8       0
                text8                               7D9      7D9       25      A82       0
                text7                                6D       6D       3C        8       0
                text6                               E64      E64        E     1CC8       0
                text5                               EBF      EBF       18     1D7E       0
                text4                               EA9      EA9       16     1D52       0
                text3                               F7A      F7A       29     1EF4       0
                text2                               E57      E57        D     1CAE       0
                text1                               FA3      FA3       2B     1F46       0
                maintext                            FCE      FCE       32     1F9C       0
                cstackBANK0                          42       42       19       20       1
                cstackCOMMON                         70       70        E       70       1
                clrtext                             E43      E43        8     1C86       0
                bssBANK2                            120      120       40      120       1
                bssBANK1                             A0       A0       40       A0       1
                dataBANK0                            5B       5B        3       20       1
                bssBANK0                             20       20       22       20       1
                stringtext                          100      100      441        2       0
                idataBANK0                          E0B      E0B        3     1C16       0

TOTAL           Name                               Link     Load   Length     Space
        CLASS   CODE           
                end_init                              4        4        2         0
                cinit                                 6        6       23         0
                reset_vec                             0        0        2         0
                text37                              E22      E22        5         0
                text36                              E08      E08        3         0
                text35                              E93      E93       16         0
                text34                              E27      E27        5         0
                text33                              61F      61F       9D         0
                text32                              729      729       69         0
                text31                              ED7      ED7       1A         0
                text30                               29       29       44         0
                text29                               A9       A9       3A         0
                text28                              541      541       DE         0
                text27                              E31      E31        6         0
                text26                              E0E      E0E        4         0
                text25                              E12      E12        4         0
                text24                              E72      E72        F         0
                text23                              E2C      E2C        5         0
                text22                              F2F      F2F       23         0
                text21                              E4B      E4B        C         0
                text20                              E37      E37        6         0
                text19                              792      792       47         0
                text18                              E3D      E3D        6         0
                text17                              F0D      F0D       22         0
                text16                              EF1      EF1       1C         0
                text15                              E81      E81       12         0
                text14                              F52      F52       28         0
                text13                              6BC      6BC       6D         0
                text12                              E16      E16        4         0
                text11                              E1A      E1A        4         0
                text10                              E1E      E1E        4         0
                text9                                E3       E3       1C         0
                text8                               7D9      7D9       25         0
                text7                                6D       6D       3C         0
                text6                               E64      E64        E         0
                text5                               EBF      EBF       18         0
                text4                               EA9      EA9       16         0
                text3                               F7A      F7A       29         0
                text2                               E57      E57        D         0
                text1                               FA3      FA3       2B         0
                maintext                            FCE      FCE       32         0
                clrtext                             E43      E43        8         0
                idataBANK0                          E0B      E0B        3         0

        CLASS   STRCODE        
                stringtext                          100      100      441         0

        CLASS   STRING         

        CLASS   CONST          

        CLASS   ENTRY          

        CLASS   COMMON         
                cstackCOMMON                         70       70        E         1

        CLASS   BANK0          
                cstackBANK0                          42       42       19         1
                dataBANK0                            5B       5B        3         1
                bssBANK0                             20       20       22         1

        CLASS   BANK1          
                bssBANK1                             A0       A0       40         1

        CLASS   BANK2          
                bssBANK2                            120      120       40         1

        CLASS   RAM            

        CLASS   ABS1           
                abs_s1                               7E       7E        2         1

        CLASS   SFR0           

        CLASS   SFR1           

        CLASS   SFR2           

        CLASS   SFR3           

        CLASS   CONFIG         
                config                             2007     2007        2         4

        CLASS   IDLOC          
                idloc                              2000     2000        4         5

        CLASS   EEDATA         

        CLASS   BANK3          

        CLASS   STACK          



SEGMENTS        Name                           Load    Length   Top    Selector   Space  Class     Delta

                reset_vec                      000000  000002  000002         0       0  CODE        2
                intentry                       000004  0000FB  0000FF         8       0  CODE        2
                bssBANK0                       000020  00003E  00005E        20       1  BANK0       1
                cstackCOMMON                   000070  00000E  00007E        70       1  COMMON      1
                bssBANK1                       0000A0  000040  0000E0        A0       1  BANK1       1
                bssBANK2                       000120  000040  000160       120       1  BANK2       1
                stringtext                     000100  000441  000541         2       0  STRCODE     2
                text28                         000541  0002BD  0007FE       A82       0  CODE        2
                text36                         000E08  000003  000E0B      1C10       0  CODE        2
                idataBANK0                     000E0B  000003  000E0E      1C16       0  CODE        2
                text26                         000E0E  000004  000E12      1C1C       0  CODE        2
                text25                         000E12  000004  000E16      1C24       0  CODE        2
                text12                         000E16  000004  000E1A      1C2C       0  CODE        2
                text11                         000E1A  000004  000E1E      1C34       0  CODE        2
                text10                         000E1E  000004  000E22      1C3C       0  CODE        2
                text37                         000E22  000005  000E27      1C44       0  CODE        2
                text34                         000E27  000005  000E2C      1C4E       0  CODE        2
                text23                         000E2C  000005  000E31      1C58       0  CODE        2
                text27                         000E31  000006  000E37      1C62       0  CODE        2
                text20                         000E37  000006  000E3D      1C6E       0  CODE        2
                text18                         000E3D  000006  000E43      1C7A       0  CODE        2
                clrtext                        000E43  000008  000E4B      1C86       0  CODE        2
                text21                         000E4B  00000C  000E57      1C96       0  CODE        2
                text2                          000E57  00000D  000E64      1CAE       0  CODE        2
                text6                          000E64  00000E  000E72      1CC8       0  CODE        2
                text24                         000E72  00000F  000E81      1CE4       0  CODE        2
                text15                         000E81  000012  000E93      1D02       0  CODE        2
                text35                         000E93  000016  000EA9      1D26       0  CODE        2
                text4                          000EA9  000016  000EBF      1D52       0  CODE        2
                text5                          000EBF  000018  000ED7      1D7E       0  CODE        2
                text31                         000ED7  00001A  000EF1      1DAE       0  CODE        2
                text16                         000EF1  00001C  000F0D      1DE2       0  CODE        2
                text17                         000F0D  000022  000F2F      1E1A       0  CODE        2
                text22                         000F2F  000023  000F52      1E5E       0  CODE        2
                text14                         000F52  000028  000F7A      1EA4       0  CODE        2
                text3                          000F7A  000029  000FA3      1EF4       0  CODE        2
                text1                          000FA3  00002B  000FCE      1F46       0  CODE        2
                maintext                       000FCE  000032  001000      1F9C       0  CODE        2


UNUSED ADDRESS RANGES

        Name                Unused          Largest block    Delta
        BANK0            005E-006F             12           1
        BANK1            00E0-00EF             10           1
        BANK2            0160-016F             10           1
        CODE             0002-0003              2           2
                         00FF-00FF              1
                         07FE-0E07              2
        CONST            0002-0003              2           2
                         00FF-00FF              1
                         07FE-0E07            100
        EEDATA           2100-21FF            100           2
        ENTRY            0002-0003              2           2
                         00FF-00FF              1
                         07FE-0E07            100
        RAM              005E-006F             12           1
                         00E0-00EF             10
                         0160-016F             10
        SFR0             0000-001F             20           1
        SFR1             0080-009F             20           1
        SFR2             0100-011F             20           1
        SFR3             0180-01EF             70           1
        STRCODE          0002-0003              2           2
                         00FF-00FF              1
                         07FE-0E07            60A
        STRING           0002-0003              2           2
                         00FF-00FF              1
                         07FE-0E07            100

                                  Symbol Table

?___aldiv                                     cstackCOMMON 0070
?___lwdiv                                     cstackCOMMON 0070
?___lwmod                                     cstackCOMMON 0077
?_sprintf                                     cstackBANK0  0042
SPI_Read@data                                 cstackCOMMON 0070
SPI_Write@data                                cstackCOMMON 0070
UART_Init@baudrate                            cstackBANK0  0048
UART_Init@x                                   cstackCOMMON 0079
_GPIO_Init                                    text37       0E22
_Global_Interrupt                             text36       0E08
_INTCONbits                                   (abs)        000B
_OSCCON                                       (abs)        008F
_PIC16F883_SI4463_INIT                        text31       0ED7
_PIE1bits                                     (abs)        008C
_Pro2Cmd                                      bssBANK0     0032
_RA5                                          (abs)        002D
_RB0                                          (abs)        0030
_RB1                                          (abs)        0031
_RCSTAbits                                    (abs)        0018
_RadioConfiguration                           stringtext   04E6
_Radio_ChannelNumber                          dataBANK0    005D
_Radio_Configuration_Data_Array               stringtext   011C
_SPBRG                                        (abs)        0099
_SPI_Init                                     text35       0E93
_SPI_Read                                     text24       0E72
_SPI_Write                                    text21       0E4B
_SSPBUF                                       (abs)        0013
_SSPCONbits                                   (abs)        0014
_SSPSTATbits                                  (abs)        0094
_Si446xCmd                                    bssBANK0     0020
_Systick_Init                                 text34       0E27
_TRISAbits                                    (abs)        0085
_TRISBbits                                    (abs)        0086
_TRISCbits                                    (abs)        0087
_TXIF                                         (abs)        0064
_TXREG                                        (abs)        0019
_TXSTAbits                                    (abs)        0098
_UART_Init                                    text32       0729
__H__absolute__                               __absolute__ 0000
__Habs1                                       abs1         0000
__Hbank0                                      bank0        0000
__Hbank1                                      bank1        0000
__Hbank2                                      bank2        0000
__Hbank3                                      bank3        0000
__HbssBANK0                                   bssBANK0     0000
__HbssBANK1                                   bssBANK1     0000
__HbssBANK2                                   bssBANK2     0000
__Hcinit                                      cinit        0029
__Hclrtext                                    clrtext      0000
__Hcode                                       code         0000
__Hcommon                                     common       0000
__Hconfig                                     config       2009
__HcstackBANK0                                cstackBANK0  0000
__HcstackCOMMON                               cstackCOMMON 0000
__HdataBANK0                                  dataBANK0    0000
__Heeprom_data                                eeprom_data  0000
__Hend_init                                   end_init     0006
__Hfunctab                                    functab      0000
__HidataBANK0                                 idataBANK0   0000
__Hidloc                                      idloc        2004
__Hinit                                       init         0004
__Hintentry                                   intentry     0004
__Hmaintext                                   maintext     0000
__Hpowerup                                    powerup      0000
__Hram                                        ram          0000
__Hreset_vec                                  reset_vec    0002
__Hsfr0                                       sfr0         0000
__Hsfr1                                       sfr1         0000
__Hsfr2                                       sfr2         0000
__Hsfr3                                       sfr3         0000
__Hspace_0                                    (abs)        1000
__Hspace_1                                    (abs)        0160
__Hspace_2                                    (abs)        0000
__Hspace_3                                    (abs)        0000
__Hspace_4                                    (abs)        4010
__Hstack                                      stack        0000
__Hstrings                                    strings      0000
__Hstringtext                                 stringtext   0000
__Htext                                       text         0000
__L__absolute__                               __absolute__ 0000
__Labs1                                       abs1         0000
__Lbank0                                      bank0        0000
__Lbank1                                      bank1        0000
__Lbank2                                      bank2        0000
__Lbank3                                      bank3        0000
__LbssBANK0                                   bssBANK0     0000
__LbssBANK1                                   bssBANK1     0000
__LbssBANK2                                   bssBANK2     0000
__Lcinit                                      cinit        0006
__Lclrtext                                    clrtext      0000
__Lcode                                       code         0000
__Lcommon                                     common       0000
__Lconfig                                     config       0000
__LcstackBANK0                                cstackBANK0  0000
__LcstackCOMMON                               cstackCOMMON 0000
__LdataBANK0                                  dataBANK0    0000
__Leeprom_data                                eeprom_data  0000
__Lend_init                                   end_init     0004
__Lfunctab                                    functab      0000
__LidataBANK0                                 idataBANK0   0000
__Lidloc                                      idloc        0000
__Linit                                       init         0004
__Lintentry                                   intentry     0004
__Lmaintext                                   maintext     0000
__Lpowerup                                    powerup      0000
__Lram                                        ram          0000
__Lreset_vec                                  reset_vec    0000
__Lsfr0                                       sfr0         0000
__Lsfr1                                       sfr1         0000
__Lsfr2                                       sfr2         0000
__Lsfr3                                       sfr3         0000
__Lspace_0                                    (abs)        0000
__Lspace_1                                    (abs)        0000
__Lspace_2                                    (abs)        0000
__Lspace_3                                    (abs)        0000
__Lspace_4                                    (abs)        0000
__Lstack                                      stack        0000
__Lstrings                                    strings      0000
__Lstringtext                                 stringtext   0000
__Ltext                                       text         0000
__S0                                          (abs)        1000
__S1                                          (abs)        0160
__S3                                          (abs)        0000
___aldiv                                      text33       061F
___aldiv@counter                              cstackBANK0  0042
___aldiv@dividend                             cstackCOMMON 0074
___aldiv@divisor                              cstackCOMMON 0070
___aldiv@quotient                             cstackBANK0  0044
___aldiv@sign                                 cstackBANK0  0043
___int_sp                                     stack        0000
___latbits                                    (abs)        0001
___lwdiv                                      text30       0029
___lwdiv@counter                              cstackCOMMON 0076
___lwdiv@dividend                             cstackCOMMON 0072
___lwdiv@divisor                              cstackCOMMON 0070
___lwdiv@quotient                             cstackCOMMON 0074
___lwmod                                      text29       00A9
___lwmod@counter                              cstackCOMMON 007B
___lwmod@dividend                             cstackCOMMON 0079
___lwmod@divisor                              cstackCOMMON 0077
___sp                                         stack        0000
___stackhi                                    (abs)        0000
___stacklo                                    (abs)        0000
__end_of_GPIO_Init                            text37       0E27
__end_of_Global_Interrupt                     text36       0E0B
__end_of_PIC16F883_SI4463_INIT                text31       0EF1
__end_of_RadioConfiguration                   stringtext   052D
__end_of_Radio_Configuration_Data_Array       stringtext   04E6
__end_of_SPI_Init                             text35       0EA9
__end_of_SPI_Read                             text24       0E81
__end_of_SPI_Write                            text21       0E57
__end_of_Systick_Init                         text34       0E2C
__end_of_UART_Init                            text32       0792
__end_of___aldiv                              text33       06BC
__end_of___lwdiv                              text30       006D
__end_of___lwmod                              text29       00E3
__end_of__initialization                      cinit        0026
__end_of__stringtab                           stringtext   0112
__end_of_dpowers                              stringtext   011C
__end_of_main                                 maintext     1000
__end_of_radio_comm_ClearCTS                  text12       0E1A
__end_of_radio_comm_GetResp                   text19       07D9
__end_of_radio_comm_PollCTS                   text18       0E43
__end_of_radio_comm_SendCmd                   text16       0F0D
__end_of_radio_comm_SendCmdGetResp            text15       0E93
__end_of_radio_comm_WriteData                 text3        0FA3
__end_of_radio_hal_AssertShutdown             text11       0E1E
__end_of_radio_hal_ClearNsel                  text26       0E12
__end_of_radio_hal_DeassertShutdown           text10       0E22
__end_of_radio_hal_NirqLevel                  text27       0E37
__end_of_radio_hal_SetNsel                    text25       0E16
__end_of_radio_hal_SpiReadByte                text23       0E31
__end_of_radio_hal_SpiReadData                text22       0F52
__end_of_radio_hal_SpiWriteByte               text20       0E3D
__end_of_radio_hal_SpiWriteData               text17       0F2F
__end_of_si446x_change_state                  text6        0E72
__end_of_si446x_configuration_init            text13       0729
__end_of_si446x_fifo_info                     text5        0ED7
__end_of_si446x_get_int_status                text14       0F7A
__end_of_si446x_reset                         text9        00FF
__end_of_si446x_start_tx                      text4        0EBF
__end_of_si446x_write_tx_fifo                 text2        0E64
__end_of_sprintf                              text28       061F
__end_of_vRadio_Init                          text7        00A9
__end_of_vRadio_PowerUp                       text8        07FE
__end_of_vRadio_StartTx_Variable_Packet       text1        0FCE
__initialization                              cinit        0006
__pbssBANK0                                   bssBANK0     0020
__pbssBANK1                                   bssBANK1     00A0
__pbssBANK2                                   bssBANK2     0120
__pcstackBANK0                                cstackBANK0  0042
__pcstackCOMMON                               cstackCOMMON 0070
__pdataBANK0                                  dataBANK0    005B
__pidataBANK0                                 idataBANK0   0E0B
__pmaintext                                   maintext     0FCE
__pstringtext                                 stringtext   0100
__ptext1                                      text1        0FA3
__ptext10                                     text10       0E1E
__ptext11                                     text11       0E1A
__ptext12                                     text12       0E16
__ptext13                                     text13       06BC
__ptext14                                     text14       0F52
__ptext15                                     text15       0E81
__ptext16                                     text16       0EF1
__ptext17                                     text17       0F0D
__ptext18                                     text18       0E3D
__ptext19                                     text19       0792
__ptext2                                      text2        0E57
__ptext20                                     text20       0E37
__ptext21                                     text21       0E4B
__ptext22                                     text22       0F2F
__ptext23                                     text23       0E2C
__ptext24                                     text24       0E72
__ptext25                                     text25       0E12
__ptext26                                     text26       0E0E
__ptext27                                     text27       0E31
__ptext28                                     text28       0541
__ptext29                                     text29       00A9
__ptext3                                      text3        0F7A
__ptext30                                     text30       0029
__ptext31                                     text31       0ED7
__ptext32                                     text32       0729
__ptext33                                     text33       061F
__ptext34                                     text34       0E27
__ptext35                                     text35       0E93
__ptext36                                     text36       0E08
__ptext37                                     text37       0E22
__ptext4                                      text4        0EA9
__ptext5                                      text5        0EBF
__ptext6                                      text6        0E64
__ptext7                                      text7        006D
__ptext8                                      text8        07D9
__ptext9                                      text9        00E3
__stringbase                                  stringtext   0112
__stringtab                                   stringtext   0100
_ctsWentHigh                                  bssBANK0     0030
_customRadioPacket                            bssBANK1     00A0
_dpowers                                      stringtext   0112
_main                                         maintext     0FCE
_radio_comm_ClearCTS                          text12       0E16
_radio_comm_GetResp                           text19       0792
_radio_comm_PollCTS                           text18       0E3D
_radio_comm_SendCmd                           text16       0EF1
_radio_comm_SendCmdGetResp                    text15       0E81
_radio_comm_WriteData                         text3        0F7A
_radio_hal_AssertShutdown                     text11       0E1A
_radio_hal_ClearNsel                          text26       0E0E
_radio_hal_DeassertShutdown                   text10       0E1E
_radio_hal_NirqLevel                          text27       0E31
_radio_hal_SetNsel                            text25       0E12
_radio_hal_SpiReadByte                        text23       0E2C
_radio_hal_SpiReadData                        text22       0F2F
_radio_hal_SpiWriteByte                       text20       0E37
_radio_hal_SpiWriteData                       text17       0F0D
_si446x_change_state                          text6        0E64
_si446x_configuration_init                    text13       06BC
_si446x_fifo_info                             text5        0EBF
_si446x_get_int_status                        text14       0F52
_si446x_reset                                 text9        00E3
_si446x_start_tx                              text4        0EA9
_si446x_write_tx_fifo                         text2        0E57
_sprintf                                      text28       0541
_uartDataReceived                             bssBANK0     0031
_vRadio_Init                                  text7        006D
_vRadio_PowerUp                               text8        07D9
_vRadio_StartTx_Variable_Packet               text1        0FA3
btemp                                         (abs)        007E
clear_ram0                                    clrtext      0E43
end_of_initialization                         cinit        0026
intlevel0                                     functab      0000
intlevel1                                     functab      0000
intlevel2                                     functab      0000
intlevel3                                     functab      0000
intlevel4                                     functab      0000
intlevel5                                     functab      0000
radio_comm_GetResp@byteCount                  cstackCOMMON 0078
radio_comm_GetResp@ctsVal                     cstackCOMMON 007B
radio_comm_GetResp@errCnt                     cstackCOMMON 0079
radio_comm_GetResp@pData                      cstackCOMMON 0077
radio_comm_SendCmd@byteCount                  cstackCOMMON 007D
radio_comm_SendCmd@pData                      cstackCOMMON 007C
radio_comm_SendCmdGetResp@cmdByteCount        cstackBANK0  0045
radio_comm_SendCmdGetResp@pCmdData            cstackBANK0  0042
radio_comm_SendCmdGetResp@pRespData           cstackBANK0  0044
radio_comm_SendCmdGetResp@respByteCount       cstackBANK0  0043
radio_comm_WriteData@byteCount                cstackBANK0  0043
radio_comm_WriteData@cmd                      cstackCOMMON 007C
radio_comm_WriteData@pData                    cstackBANK0  0044
radio_comm_WriteData@pollCts                  cstackBANK0  0042
radio_hal_SpiReadData@byteCount               cstackCOMMON 0074
radio_hal_SpiReadData@i                       cstackCOMMON 0075
radio_hal_SpiReadData@pData                   cstackCOMMON 0071
radio_hal_SpiWriteByte@byteToWrite            cstackCOMMON 0071
radio_hal_SpiWriteData@byteCount              cstackCOMMON 0074
radio_hal_SpiWriteData@i                      cstackCOMMON 0075
radio_hal_SpiWriteData@pData                  cstackCOMMON 0071
reset_vec                                     reset_vec    0000
si446x_change_state@NEXT_STATE1               cstackBANK0  0042
si446x_configuration_init@col                 cstackBANK0  004B
si446x_configuration_init@numOfBytes          cstackBANK0  004C
si446x_configuration_init@pSetPropCmd         cstackBANK0  0049
si446x_fifo_info@FIFO                         cstackBANK0  0046
si446x_get_int_status@CHIP_CLR_PEND           cstackBANK0  0047
si446x_get_int_status@MODEM_CLR_PEND          cstackBANK0  0046
si446x_get_int_status@PH_CLR_PEND             cstackBANK0  0048
si446x_reset@loopCount                        cstackCOMMON 0070
si446x_start_tx@CHANNEL                       cstackBANK0  0045
si446x_start_tx@CONDITION                     cstackBANK0  0042
si446x_start_tx@TX_LEN                        cstackBANK0  0043
si446x_write_tx_fifo@numBytes                 cstackCOMMON 007D
si446x_write_tx_fifo@pTxData                  cstackBANK0  0045
sprintf@ap                                    cstackBANK0  004A
sprintf@c                                     cstackBANK0  0050
sprintf@f                                     cstackBANK0  0042
sprintf@flag                                  cstackBANK0  004B
sprintf@prec                                  cstackBANK0  004C
sprintf@sp                                    cstackBANK0  004F
sprintf@val                                   cstackBANK0  004D
start                                         init         0004
start_initialization                          cinit        0006
vRadio_Init@wDelay                            cstackBANK0  004F
vRadio_PowerUp@wDelay                         cstackCOMMON 0073
vRadio_StartTx_Variable_Packet@channel        cstackBANK0  004D
vRadio_StartTx_Variable_Packet@length         cstackBANK0  004A
vRadio_StartTx_Variable_Packet@pioRadioPacket cstackBANK0  0049
wtemp0                                        (abs)        007E


MODULE INFORMATION

Module		Function		Class		Link	Load	Size
src/main_pic16f883.c
		_UART_Init     		CODE           	0729	0000	105
		_Systick_Init  		CODE           	0E27	0000	5
		_GPIO_Init     		CODE           	0E22	0000	5
		_SPI_Init      		CODE           	0E93	0000	22
		_PIC16F883_SI4463_INIT		CODE           	0ED7	0000	26
		_Global_Interrupt		CODE           	0E08	0000	3

src/main_pic16f883.c estimated size: 166

F883_Si4463_main.c
		_main          		CODE           	0FCE	0000	50

F883_Si4463_main.c estimated size: 50

C:\Program Files\Microchip\xc8\v2.41\pic\sources\c90\common\lwdiv.c
		___lwdiv       		CODE           	0029	0000	68

C:\Program Files\Microchip\xc8\v2.41\pic\sources\c90\common\lwdiv.c estimated size: 68

Si4463/radio_comm.c
		_radio_comm_PollCTS		CODE           	0E3D	0000	6
		_radio_comm_SendCmdGetResp		CODE           	0E81	0000	18
		_radio_comm_GetResp		CODE           	0792	0000	71
		_radio_comm_SendCmd		CODE           	0EF1	0000	28
		_radio_comm_ClearCTS		CODE           	0E16	0000	4
		_radio_comm_WriteData		CODE           	0F7A	0000	41

Si4463/radio_comm.c estimated size: 168

C:\Program Files\Microchip\xc8\v2.41\pic\sources\c90\common\aldiv.c
		___aldiv       		CODE           	061F	0000	157

C:\Program Files\Microchip\xc8\v2.41\pic\sources\c90\common\aldiv.c estimated size: 157

Si4463/radio.c
		_vRadio_Init   		CODE           	006D	0000	60
		_vRadio_StartTx_Variable_Packet		CODE           	0FA3	0000	43
		_vRadio_PowerUp		CODE           	07D9	0000	37

Si4463/radio.c estimated size: 140

Si4463/radio_hal.c
		_radio_hal_ClearNsel		CODE           	0E0E	0000	4
		_radio_hal_SpiReadByte		CODE           	0E2C	0000	5
		_radio_hal_NirqLevel		CODE           	0E31	0000	6
		_radio_hal_SpiWriteData		CODE           	0F0D	0000	34
		_radio_hal_DeassertShutdown		CODE           	0E1E	0000	4
		_radio_hal_SetNsel		CODE           	0E12	0000	4
		_radio_hal_SpiReadData		CODE           	0F2F	0000	35
		_radio_hal_SpiWriteByte		CODE           	0E37	0000	6
		_radio_hal_AssertShutdown		CODE           	0E1A	0000	4

Si4463/radio_hal.c estimated size: 102

src/chipset.c
		_SPI_Write     		CODE           	0E4B	0000	12
		_SPI_Read      		CODE           	0E72	0000	15

src/chipset.c estimated size: 27

shared
		__stringtab    		STRCODE        	0100	0000	18
		_dpowers       		STRCODE        	0112	0000	10
		__initialization		CODE           	0006	0000	32
		_RadioConfiguration		STRCODE        	04E6	0000	71
		_Radio_Configuration_Data_Array		STRCODE        	011C	0000	970

shared estimated size: 1101

C:\Program Files\Microchip\xc8\v2.41\pic\sources\c90\common\doprnt.c
		_sprintf       		CODE           	0541	0000	222

C:\Program Files\Microchip\xc8\v2.41\pic\sources\c90\common\doprnt.c estimated size: 222

C:\Program Files\Microchip\xc8\v2.41\pic\sources\c90\common\lwmod.c
		___lwmod       		CODE           	00A9	0000	58

C:\Program Files\Microchip\xc8\v2.41\pic\sources\c90\common\lwmod.c estimated size: 58

Si4463/si446x_api_lib.c
		_si446x_configuration_init		CODE           	06BC	0000	109
		_si446x_reset  		CODE           	00E3	0000	28
		_si446x_change_state		CODE           	0E64	0000	14
		_si446x_fifo_info		CODE           	0EBF	0000	24
		_si446x_get_int_status		CODE           	0F52	0000	40
		_si446x_write_tx_fifo		CODE           	0E57	0000	13
		_si446x_start_tx		CODE           	0EA9	0000	22

Si4463/si446x_api_lib.c estimated size: 250

